../Core/Src/main.c:98:5:main	8	static
../Core/Src/main.c:149:6:SystemClock_Config	88	static
../Core/Src/main.c:204:13:MX_SAI2_Init	8	static
../Core/Src/main.c:252:13:MX_USART3_UART_Init	8	static
../Core/Src/main.c:285:13:MX_DMA_Init	16	static
../Core/Src/main.c:307:13:MX_GPIO_Init	56	static
../Core/Src/main.c:408:9:convert_24bit_to_signed	16	static
../Core/Src/main.c:420:9:UART_Queue_IsFull	4	static
../Core/Src/main.c:425:9:UART_Queue_IsEmpty	4	static
../Core/Src/main.c:430:6:UART_Queue_Push	16	static
../Core/Src/main.c:447:6:UART_Transmit_Next	16	static
../Core/Src/main.c:459:6:Process_Audio_Chunk	24	static
../Core/Src/main.c:480:6:HAL_SAI_RxHalfCpltCallback	16	static
../Core/Src/main.c:488:6:HAL_SAI_RxCpltCallback	16	static
../Core/Src/main.c:500:6:HAL_UART_TxCpltCallback	16	static
../Core/Src/main.c:527:6:Error_Handler	4	static,ignoring_inline_asm
