../Core/Src/main.c:104:5:main	16	static
../Core/Src/main.c:190:6:SystemClock_Config	88	static
../Core/Src/main.c:245:13:MX_SAI2_Init	8	static
../Core/Src/main.c:293:13:MX_USART3_UART_Init	8	static
../Core/Src/main.c:326:13:MX_DMA_Init	16	static
../Core/Src/main.c:348:13:MX_GPIO_Init	56	static
../Core/Src/main.c:470:6:HAL_SAI_RxHalfCpltCallback	24	static
../Core/Src/main.c:487:6:HAL_SAI_RxCpltCallback	32	static
../Core/Src/main.c:507:6:HAL_UART_TxCpltCallback	16	static
../Core/Src/main.c:526:6:Error_Handler	4	static,ignoring_inline_asm
